// Jest Snapshot v1, https://goo.gl/fbAQLP

exports[`PhotoContainer renders and matches our snapshot 1`] = `
<div
  className="PhotoContainer"
>
  <button
    id="Click-delete"
    onClick={undefined}
  >
    Delete post
  </button>
  <div
    className="User"
  >
    <img
      className="Avatar"
      src={
        Object {
          "process": [Function],
        }
      }
    />
    <h2
      className="Username"
    >
      heacan
    </h2>
  </div>
  <img
    className="Image"
    src={
      Object {
        "process": [Function],
      }
    }
  />
  <div
    className="Like"
  >
    <i
      className="fa fa-heart"
      id="Click-like"
      onClick={[Function]}
    />
    <span
      className="Likes"
    >
      53
    </span>
  </div>
  <div
    className="Description"
  >
    A lie is like a cat: You need to stop it before it gets out the door or itâ€™s really hard to catch.
  </div>
</div>
`;
